// Vitest Snapshot v1

exports[`Login > snapshot 1`] = `
{
  "foo": "bar",
}
`;
